main.c:86:6:initMotor	8	static
main.c:113:5:main	8	static
main.c:179:6:SystemClock_Config	88	static
main.c:224:13:MX_ADC1_Init	24	static
main.c:274:13:MX_ADC2_Init	24	static
main.c:324:13:MX_I2C1_Init	8	static
main.c:358:13:MX_SPI3_Init	8	static
main.c:396:13:MX_TIM1_Init	80	static
main.c:460:13:MX_TIM2_Init	48	static
main.c:513:13:MX_TIM3_Init	56	static
main.c:562:13:MX_TIM4_Init	56	static
main.c:611:13:MX_TIM8_Init	80	static
main.c:688:13:MX_TIM12_Init	40	static
main.c:734:13:MX_USART1_UART_Init	8	static
main.c:767:13:MX_GPIO_Init	48	static
main.c:834:6:Error_Handler	4	static,ignoring_inline_asm
